
── simple test error ──────────────────────────────────────────────────────────────────────[E0001]──

There has been a simple error in your code

   ╭─[ /test.cue:5:7 ]
   │
 3 │ // This is a sample file
 4 │ blah: {
 5 │     foo: bool
   ⋮          ─┬──
   ⋮           ╰─ this is weird
 6 │     bar: int | *3
   ⋮                ┬─
   ⋮                ╰─ so is this!
 7 │ }
 8 │ 
───╯

For more information please visit our great help documentation

