---
source: runtimes/core/src/api/paths.rs
expression: paths
---
main: {}
fallback:
  a:
    - endpoint: one
      routes:
        - /
        - /*foo
