// main code
package main

import (
	"encore.app/svc"
	__api "encore.dev/appruntime/api"
	__appinit "encore.dev/appruntime/app/appinit"
	__config "encore.dev/appruntime/config"
	"reflect"
	_ "unsafe"
)

// loadApp loads the Encore app runtime.
//
//go:linkname loadApp encore.dev/appruntime/app/appinit.load
func loadApp() *__appinit.LoadData {
	static := &__config.Static{
		AppCommit: __config.CommitInfo{
			Revision:    "",
			Uncommitted: false,
		},
		AuthData:       reflect.TypeOf((*svc.AuthData)(nil)),
		EncoreCompiler: "test",
		PubsubTopics:   map[string]*__config.StaticPubsubTopic{},
		TestService:    "",
		Testing:        false,
	}
	handlers := []__api.HandlerRegistration{
		{
			Handler:    svc.EncoreInternal_EightHandler,
			Middleware: nil,
		},
	}
	return &__appinit.LoadData{
		APIHandlers: handlers,
		AuthHandler: svc.EncoreInternal_AuthHandlerAuthHandler,
		StaticCfg:   static,
	}
}

func main() {
	__appinit.AppMain()
}


// generated types for service svc
package svc

import (
	"context"
	"encore.app/__encore/etype"
	__api "encore.dev/appruntime/api"
	_ "encore.dev/appruntime/app/appinit"
	__model "encore.dev/appruntime/model"
	__serde "encore.dev/appruntime/serde"
	errs "encore.dev/beta/errs"
	jsoniter "github.com/json-iterator/go"
	"net/http"
	"net/url"
	"strings"
)

type EncoreInternal_EightReq struct {
	Bar    string
	Baz    string
	Params *FooParams
}

type EncoreInternal_EightResp = Response

var EncoreInternal_EightHandler = &__api.Desc[*EncoreInternal_EightReq, *EncoreInternal_EightResp]{
	Service:        "svc",
	Endpoint:       "Eight",
	Methods:        []string{"POST"},
	Raw:            false,
	Path:           "/eight/:bar/:baz",
	RawPath:        "/eight/:0/:1",
	PathParamNames: []string{"bar", "baz"},
	DefLoc:         2,
	Access:         __api.RequiresAuth,
	DecodeReq: func(req *http.Request, ps __api.UnnamedParams, json jsoniter.API) (reqData *EncoreInternal_EightReq, pathParams __api.UnnamedParams, err error) {
		reqData = &EncoreInternal_EightReq{}
		dec := &etype.Marshaller{}

		if value, err := url.PathUnescape(ps[0]); err == nil {
			ps[0] = value
		}

		reqData.Bar = dec.ToString("bar", ps[0], true)

		if value, err := url.PathUnescape(ps[1]); err == nil {
			ps[1] = value
		}

		reqData.Baz = dec.ToString("baz", ps[1], true)

		params := &FooParams{}

		reqData.Params = params

		switch m := req.Method; m {
		case "POST":
			// Decode JSON body
			payload := dec.Body(req.Body)
			iter := jsoniter.ParseBytes(json, payload)

			for iter.ReadObjectCB(func(_ *jsoniter.Iterator, key string) bool {
				switch strings.ToLower(key) {
				case "name":
					dec.ParseJSON("Name", iter, &params.Name)
				default:
					_ = iter.SkipAndReturnBytes()
				}
				return true
			}) {
			}

		default:
			panic("HTTP method is not supported")
		}
		if dec.LastError != nil {

			return nil, nil, dec.LastError
		}

		return reqData, ps, nil
	},
	CloneReq: func(p *EncoreInternal_EightReq) (*EncoreInternal_EightReq, error) {
		var clone EncoreInternal_EightReq
		bytes, err := jsoniter.ConfigDefault.Marshal(p)
		if err == nil {
			err = jsoniter.ConfigDefault.Unmarshal(bytes, &clone)
		}
		return &clone, err
	},
	ReqPath: func(p *EncoreInternal_EightReq) (string, __api.UnnamedParams, error) {
		enc := &etype.Marshaller{}

		params := __api.UnnamedParams{enc.FromString(p.Bar), enc.FromString(p.Baz)}
		if enc.LastError != nil {

			return "", nil, enc.LastError
		}

		return "/eight" + "/" + params[0] + "/" + params[1], params, nil
	},
	ReqUserPayload: func(p *EncoreInternal_EightReq) any {
		return p.Params
	},
	AppHandler: func(ctx context.Context, req *EncoreInternal_EightReq) (*EncoreInternal_EightResp, error) {
		resp, err := Eight(ctx, req.Bar, req.Baz, req.Params)
		if err != nil {
			return nil, err
		}
		return resp, nil
	},
	RawHandler: nil,
	EncodeResp: func(w http.ResponseWriter, json jsoniter.API, resp *EncoreInternal_EightResp) (err error) {
		respData := []byte("null\n")
		if resp != nil {
			// Encode JSON body
			respData, err = __serde.SerializeJSONFunc(json, func(ser *__serde.JSONSerializer) {
				ser.WriteField("Message", resp.Message, false)
			})
			if err != nil {
				return err
			}
			respData = append(respData, '\n')
		}

		// Write response
		w.Write(respData)
		return nil
	},
	CloneResp: func(resp *EncoreInternal_EightResp) (*EncoreInternal_EightResp, error) {
		if resp == nil {
			return nil, nil
		}
		var clone EncoreInternal_EightResp
		bytes, err := jsoniter.ConfigDefault.Marshal(resp)
		if err == nil {
			err = jsoniter.ConfigDefault.Unmarshal(bytes, &clone)
		}
		return &clone, err
	},
}

func EncoreInternal_CallEight(ctx context.Context, bar string, baz string, params *FooParams) (*Response, error) {
	resp, err := EncoreInternal_EightHandler.Call(__api.NewCallContext(ctx), &EncoreInternal_EightReq{bar, baz, params})
	if err != nil {
		return nil, err
	}
	return resp, nil
}

type EncoreInternal_AuthHandlerAuthParams = AuthQuery

var EncoreInternal_AuthHandlerAuthHandler = &__api.AuthHandlerDesc[*EncoreInternal_AuthHandlerAuthParams]{
	Service:     "svc",
	Endpoint:    "AuthHandler",
	DefLoc:      3,
	HasAuthData: true,
	DecodeAuth: func(req *http.Request) (params *EncoreInternal_AuthHandlerAuthParams, err error) {
		params = &EncoreInternal_AuthHandlerAuthParams{}
		dec := &etype.Marshaller{}
		// Decode query string
		qs := req.URL.Query()
		params.Query1 = dec.ToString("query1", qs.Get("query1"), false)
		params.Query2 = dec.ToInt("query2", qs.Get("query2"), false)

		if dec.LastError != nil {
			return nil, errs.B().Code(errs.InvalidArgument).Msgf("invalid auth param: %v", dec.LastError).Err()
		}
		if dec.NonEmptyValues == 0 {
			return nil, errs.B().Code(errs.Unauthenticated).Msg("missing auth param").Err()
		}
		return params, nil
	},
	AuthHandler: func(ctx context.Context, params *EncoreInternal_AuthHandlerAuthParams) (info __model.AuthInfo, err error) {
		info.UID, info.UserData, err = AuthHandler(ctx, params)
		return info, err
	},
}


// config unmarshallers for service svc
package svc

/*
These functions are automatically generated and maintained by Encore to allow config values
to be unmarshalled into the correct types. They are not intended to be used directly. They
are automatically updated by Encore whenever you change the data types used within your
calls to config.Load[T]().
*/
// etype package
package etype

import (
	_ "encore.dev/appruntime/app/appinit"
	"fmt"
	jsoniter "github.com/json-iterator/go"
	"io"
	"io/ioutil"
	"strconv"
)

// Marshaller is used to serialize request data into strings and deserialize response data from strings
type Marshaller struct {
	LastError      error // The last error that occurred
	NonEmptyValues int   // The number of values this decoder has decoded
}

func (e *Marshaller) ToString(field string, s string, required bool) (v string) {
	if !required && s == "" {
		return
	}
	e.NonEmptyValues++
	return s
}

func (e *Marshaller) FromString(s string) (v string) {
	e.NonEmptyValues++
	return s
}

func (e *Marshaller) ToInt(field string, s string, required bool) (v int) {
	if !required && s == "" {
		return
	}
	e.NonEmptyValues++
	x, err := strconv.ParseInt(s, 10, 64)
	e.setErr("invalid parameter", field, err)
	return int(x)
}

// setErr sets the last error within the object if one is not already set
func (e *Marshaller) setErr(msg, field string, err error) {
	if err != nil && e.LastError == nil {
		e.LastError = fmt.Errorf("%s: %s: %w", field, msg, err)
	}
}

func (d *Marshaller) Body(body io.Reader) (payload []byte) {
	payload, err := ioutil.ReadAll(body)
	if err == nil && len(payload) == 0 {
		d.setErr("missing request body", "request_body", fmt.Errorf("missing request body"))
	} else if err != nil {
		d.setErr("could not parse request body", "request_body", err)
	}
	return payload
}
func (d *Marshaller) ParseJSON(field string, iter *jsoniter.Iterator, dst interface{}) {
	iter.ReadVal(dst)
	d.setErr("invalid json parameter", field, iter.Error)
}
