// main code
package main

import (
	__api "encore.dev/appruntime/api"
	__appinit "encore.dev/appruntime/app/appinit"
	__config "encore.dev/appruntime/config"
	_ "unsafe"
)

// loadApp loads the Encore app runtime.
//
//go:linkname loadApp encore.dev/appruntime/app/appinit.load
func loadApp() *__appinit.LoadData {
	static := &__config.Static{
		AppCommit: __config.CommitInfo{
			Revision:    "",
			Uncommitted: false,
		},
		AuthData:       nil,
		EncoreCompiler: "test",
		PubsubTopics:   map[string]*__config.StaticPubsubTopic{},
		TestService:    "",
		Testing:        false,
	}
	handlers := []__api.HandlerRegistration{}
	return &__appinit.LoadData{
		APIHandlers: handlers,
		AuthHandler: nil,
		StaticCfg:   static,
	}
}

func main() {
	__appinit.AppMain()
}
// etype package
package etype

import _ "encore.dev/appruntime/app/appinit"
