---
source: tsparser/src/parser/types/tests.rs
expression: result
input_file: tsparser/src/parser/types/testdata/reexport_single.txt
---
{
    "foo": Interface(
        Interface {
            fields: [
                InterfaceField {
                    name: String(
                        "bar",
                    ),
                    optional: false,
                    typ: Basic(
                        String,
                    ),
                },
            ],
            index: None,
            call: None,
        },
    ),
}
